# .map file for dng0b
# lines starting with # are skipped as comments
# lines starting with : are beginnings of a new block, no leading white-spaces are allowed

:mapsize
20
:map
1,1,1,1,1,1,1,1,1,1,1,1,1,1,1,1,1,1,1,1,
1,1,1,1,1,1,1,1,1,1,1,1,1,1,1,1,1,1,1,2,
1,1,3,3,3,4,4,4,4,4,4,3,3,3,3,3,3,3,1,1,
3,3,3,4,4,4,4,4,4,4,4,4,4,4,4,4,4,4,1,1,
3,4,4,4,3,4,3,3,3,3,3,3,3,3,3,3,3,3,1,1,
3,1,3,2,3,4,3,3,3,3,3,4,4,4,3,3,3,3,1,1,
3,4,3,3,3,4,3,3,3,3,4,4,4,4,4,3,3,3,1,1,
3,4,3,3,3,4,3,3,3,4,4,4,4,4,4,4,3,3,1,1,
3,4,4,4,4,4,4,4,4,4,4,4,4,4,4,4,3,3,1,1,
3,3,3,4,3,4,4,3,3,4,4,4,4,4,4,4,3,3,1,1,
1,1,3,4,3,3,4,3,3,3,4,4,4,4,4,3,3,3,1,1,
1,1,3,4,3,3,4,3,3,3,3,4,4,4,3,3,3,3,1,1,
1,1,3,4,3,3,4,3,3,3,3,3,3,3,3,3,3,3,1,1,
1,1,3,4,4,4,4,4,4,3,3,3,3,3,3,3,3,3,1,1,
1,1,3,3,4,4,4,4,4,3,3,3,3,3,3,3,3,3,1,1,
1,1,3,3,2,4,4,4,4,3,3,3,3,3,3,3,3,3,1,1,
1,1,3,2,2,2,4,4,4,3,3,3,3,3,3,3,3,3,1,1,
1,1,3,3,3,3,3,3,3,3,3,3,3,3,3,3,3,3,1,1,
1,1,1,1,1,1,1,1,1,1,1,1,1,1,1,1,1,1,1,1,
1,1,1,1,1,1,1,1,1,1,1,1,1,1,1,1,1,1,1,1,

# TEXTURES
# textures are loaded from /data/images/DIR/NAME.EXE files
# first NAME_close.EXT file is read, then NAME_middle.EXT and NAME_far.EXT files are loaded
# if _middle, or _far files are missing, they are replaced by resizing _close file

:textures

floor/floor1.bmp
wall/wall1.bmp
wall/wall2.bmp
static/mist1.tga
static/button1.bmp
static/doorframe.bmp
static/door.bmp
static/doorside.bmp

# LIGHTSOURCES
# power, decrease per tile, X, Z

:lightsources

# ELEMENTS
# elements are parts of a tile: floor, wall, button texture etc..

:elements
TILE_FLOOR 0 0 0 1 1 false 0 -1 clip
TILE_FRONT 0 0 0 1 0.67 false 2 -1 clip
TILE_FLAT 0 -0.33 0 1 1 false 1 -1 clip

# TILES
# tiles make up the map, a tile has many elements (floor, walls ..etc)

:tiles
TILE_FLOOR 0 TILE_CEILING 2
TILE_FLOOR 0
TILE_SIDE 1 TILE_FRONT 1
TILE_FLOOR 0 TILE_CEILING 2


# TRIGGERS
# triggers handle interaction with the map evironment

:triggers
TRIGGER_ENTER 19 3 2 3 0 0 -1 change_area/area1.area/map1.map
:end

